node : (node:37792) [DEP0040] DeprecationWarning: The `punycode` module is deprecated. Please use a userland alternative instead.
At line:1 char:1
+ node -e "try { require('./server.js'); } catch (e) { console.error('C ...
+ ~~~~~~~~~~~~~~~~~~~~~~~~~~~~~~~~~~~~~~~~~~~~~~~~~~~~~~~~~~~~~~~~~~~~~
    + CategoryInfo          : NotSpecified: ((node:37792) [D...native instead.:String) [], RemoteException
    + FullyQualifiedErrorId : NativeCommandError
 
(Use `node --trace-deprecation ...` to show where the warning was created)
node:events:497
      throw er; // Unhandled 'error' event
      ^

Error: listen EADDRINUSE: address already in use :::5000
    at Server.setupListenHandle [as _listen2] (node:net:1897:16)
    at listenInCluster (node:net:1945:12)
    at Server.listen (node:net:2037:7)
    at C:\Users\poorv\OneDrive\Desktop\make_your_trip\travel-booking-platform\backend\server.js:422:16
    at process.processTicksAndRejections (node:internal/process/task_queues:95:5)
Emitted 'error' event on Server instance at:
    at emitErrorNT (node:net:1924:8)
    at process.processTicksAndRejections (node:internal/process/task_queues:82:21) {
  code: 'EADDRINUSE',
  errno: -4091,
  syscall: 'listen',
  address: '::',
  port: 5000
}

Node.js v21.7.3
